<?xml version="1.0" encoding="utf-8"?><testsuite errors="0" failures="0" name="pytest" skipped="0" tests="56" time="25.312"><testcase classname="tests.files.test_idat.TestIdatModel" file="tests/files/test_idat.py" line="8" name="test_init_throws_with_no_args" time="0.001"></testcase><testcase classname="tests.files.test_manifest.TestManifestConstants" file="tests/files/test_manifest.py" line="6" name="test_has_correct_path_values" time="0.000"></testcase><testcase classname="tests.files.test_manifest.TestManifestConstants" file="tests/files/test_manifest.py" line="11" name="test_array_type_filenames" time="0.000"></testcase><testcase classname="tests.files.test_sample_sheet.TestGetSampleSheet" file="tests/files/test_sample_sheet.py" line="8" name="test_raises_with_missing_dir" time="0.005"></testcase><testcase classname="tests.files.test_sample_sheet.TestGetSampleSheet" file="tests/files/test_sample_sheet.py" line="13" name="test_raises_with_valid_path_not_dir" time="0.001"></testcase><testcase classname="tests.files.test_sample_sheet.TestGetSampleSheet" file="tests/files/test_sample_sheet.py" line="19" name="test_raises_if_no_csv_files" time="0.001"></testcase><testcase classname="tests.files.test_sample_sheet.TestGetSampleSheet" file="tests/files/test_sample_sheet.py" line="29" name="test_raises_if_no_valid_csv_files" time="0.002"></testcase><testcase classname="tests.files.test_sample_sheet.TestGetSampleSheet" file="tests/files/test_sample_sheet.py" line="39" name="test_raises_if_too_many_valid_files" time="0.001"></testcase><testcase classname="tests.files.test_sample_sheet.TestGetSampleSheet" file="tests/files/test_sample_sheet.py" line="52" name="test_returns_samplesheet_with_validpath" time="0.001"></testcase><testcase classname="tests.models.test_array.TestArrayType" file="tests/models/test_array.py" line="14" name="test_enum_has_correct_values" time="0.000"></testcase><testcase classname="tests.models.test_array.TestArrayTypeFromProbeCount" file="tests/models/test_array.py" line="23" name="test_no_probe_counts_throws" time="0.000"></testcase><testcase classname="tests.models.test_array.TestArrayTypeFromProbeCount" file="tests/models/test_array.py" line="27" name="test_out_of_range_probe_counts_throws" time="0.001"></testcase><testcase classname="tests.models.test_array.TestArrayTypeFromProbeCount" file="tests/models/test_array.py" line="35" name="test_27k_probe_counts_lower_bound" time="0.000"></testcase><testcase classname="tests.models.test_array.TestArrayTypeFromProbeCount" file="tests/models/test_array.py" line="39" name="test_27k_probe_counts_upper_bound" time="0.000"></testcase><testcase classname="tests.models.test_array.TestArrayTypeFromProbeCount" file="tests/models/test_array.py" line="43" name="test_450k_probe_counts_lower_bound" time="0.000"></testcase><testcase classname="tests.models.test_array.TestArrayTypeFromProbeCount" file="tests/models/test_array.py" line="47" name="test_450k_probe_counts_upper_bound" time="0.001"></testcase><testcase classname="tests.models.test_array.TestArrayTypeFromProbeCount" file="tests/models/test_array.py" line="51" name="test_epic_probe_counts_lower_bound" time="0.000"></testcase><testcase classname="tests.models.test_array.TestArrayTypeFromProbeCount" file="tests/models/test_array.py" line="55" name="test_epic_probe_counts_upper_bound" time="0.000"></testcase><testcase classname="tests.models.test_array.TestArrayTypeFromProbeCount" file="tests/models/test_array.py" line="59" name="test_epic_plus" time="0.000"></testcase><testcase classname="tests.models.test_probes.TestProbe" file="tests/models/test_probes.py" line="7" name="test_inits_correctly" time="0.000"></testcase><testcase classname="tests.models.test_probes.TestProbeType" file="tests/models/test_probes.py" line="15" name="test_enum_has_correct_values" time="0.000"></testcase><testcase classname="tests.models.test_probes.TestProbeType" file="tests/models/test_probes.py" line="22" name="test_str_returns_value" time="0.000"></testcase><testcase classname="tests.models.test_probes.TestProbeTypeFromManifestValues" file="tests/models/test_probes.py" line="34" name="test_no_args_throws" time="0.000"></testcase><testcase classname="tests.models.test_probes.TestProbeTypeFromManifestValues" file="tests/models/test_probes.py" line="41" name="test_unknown_non_snp_returns_control" time="0.000"></testcase><testcase classname="tests.models.test_probes.TestProbeTypeFromManifestValues" file="tests/models/test_probes.py" line="45" name="test_unknown_is_snp_returns_control" time="0.001"></testcase><testcase classname="tests.models.test_probes.TestProbeTypeFromManifestValues" file="tests/models/test_probes.py" line="49" name="test_type1_non_snp_returns_type1" time="0.001"></testcase><testcase classname="tests.models.test_probes.TestProbeTypeFromManifestValues" file="tests/models/test_probes.py" line="53" name="test_type1_is_snp_returns_type1snp" time="0.000"></testcase><testcase classname="tests.models.test_probes.TestProbeTypeFromManifestValues" file="tests/models/test_probes.py" line="57" name="test_type2_non_snp_returns_type2" time="0.000"></testcase><testcase classname="tests.models.test_probes.TestProbeTypeFromManifestValues" file="tests/models/test_probes.py" line="61" name="test_type2_is_snp_returns_type2snp" time="0.001"></testcase><testcase classname="tests.models.test_sample.TestSample" file="tests/models/test_sample.py" line="14" name="test_inits_correctly" time="0.000"></testcase><testcase classname="tests.models.test_sample.TestSample" file="tests/models/test_sample.py" line="22" name="test_str_returns_sentrix_id_position" time="0.000"></testcase><testcase classname="tests.models.test_sample.TestSample" file="tests/models/test_sample.py" line="27" name="test_base_filename_returns_sentrix_id_position" time="0.001"></testcase><testcase classname="tests.models.test_sample.TestSample" file="tests/models/test_sample.py" line="32" name="test_get_filepath_no_suffix_returns_path_no_suffix" time="0.000"></testcase><testcase classname="tests.models.test_sample.TestSample" file="tests/models/test_sample.py" line="38" name="test_get_filepath_with_suffix_returns_path_with_suffix" time="0.000"></testcase><testcase classname="tests.models.test_sample.TestSample" file="tests/models/test_sample.py" line="53" name="test_get_filepath_and_file_must_exist" time="0.001"></testcase><testcase classname="tests.processing.test_pipeline.TestPipeline" file="tests/processing/test_pipeline.py" line="7" name="test_run_pipeline_demo_data" time="24.380"><system-err>  0%|          | 0/2 [00:00&lt;?, ?it/s] 50%|█████     | 1/2 [00:09&lt;00:09,  9.20s/it]100%|██████████| 2/2 [00:18&lt;00:00,  9.11s/it]
</system-err></testcase><testcase classname="tests.processing.test_pipeline.TestPipeline" file="tests/processing/test_pipeline.py" line="18" name="test_download_manifest_dummy_file" time="0.259"></testcase><testcase classname="tests.processing.test_raw_dataset.TestRawDataset" file="tests/processing/test_raw_dataset.py" line="12" name="test_get_raw_dataset_list" time="0.008"></testcase><testcase classname="tests.utils.test_files.TestDecoratorReadAndReset" file="tests/utils/test_files.py" line="30" name="test_returns_file_to_same_position" time="0.001"></testcase><testcase classname="tests.utils.test_files.TestEnsureDirectoryExists" file="tests/utils/test_files.py" line="48" name="test_noops_if_path_exists" time="0.019"></testcase><testcase classname="tests.utils.test_files.TestEnsureDirectoryExists" file="tests/utils/test_files.py" line="57" name="test_mkdir_if_path_not_exists" time="0.002"></testcase><testcase classname="tests.utils.test_files.TestDownloadFile" file="tests/utils/test_files.py" line="79" name="test_raises_if_file_exists_overwrite_false" time="0.096"></testcase><testcase classname="tests.utils.test_files.TestDownloadFile" file="tests/utils/test_files.py" line="84" name="test_doesnt_raise_if_file_exists_overwrite_true" time="0.020"></testcase><testcase classname="tests.utils.test_files.TestDownloadFile" file="tests/utils/test_files.py" line="88" name="test_makes_dir_if_dest_dir_not_exists" time="0.003"></testcase><testcase classname="tests.utils.test_files.TestDownloadFile" file="tests/utils/test_files.py" line="95" name="test_skips_mkdir_if_dest_dir_exists" time="0.003"></testcase><testcase classname="tests.utils.test_files.TestDownloadFile" file="tests/utils/test_files.py" line="103" name="test_saves_content_to_dest_path" time="0.002"></testcase><testcase classname="tests.utils.test_parsing.TestConvertToInt" file="tests/utils/test_parsing.py" line="34" name="test_bytes_to_int_call_builtin_int" time="0.001"></testcase><testcase classname="tests.utils.test_parsing.TestConvertToInt" file="tests/utils/test_parsing.py" line="40" name="test_bytes_to_int_uses_default_values" time="0.001"></testcase><testcase classname="tests.utils.test_parsing.TestConvertToInt" file="tests/utils/test_parsing.py" line="47" name="test_bytes_to_int_uses_provided_values" time="0.001"></testcase><testcase classname="tests.utils.test_parsing.TestReadBinary" file="tests/utils/test_parsing.py" line="56" name="test_read_results" time="0.001"></testcase><testcase classname="tests.utils.test_parsing.TestReadByte" file="tests/utils/test_parsing.py" line="63" name="test_read_byte" time="0.001"></testcase><testcase classname="tests.utils.test_parsing.TestReadShort" file="tests/utils/test_parsing.py" line="70" name="test_read_short" time="0.001"></testcase><testcase classname="tests.utils.test_parsing.TestReadInt" file="tests/utils/test_parsing.py" line="77" name="test_read_int" time="0.001"></testcase><testcase classname="tests.utils.test_parsing.TestReadLong" file="tests/utils/test_parsing.py" line="84" name="test_read_long" time="0.001"></testcase><testcase classname="tests.utils.test_parsing.TestReadChar" file="tests/utils/test_parsing.py" line="91" name="test_read_char" time="0.001"></testcase><testcase classname="tests.utils.test_parsing.TestReadString" file="tests/utils/test_parsing.py" line="98" name="test_read_string" time="0.001"></testcase></testsuite>